------------------------------------------------------------
TimeQuest Timing Analyzer Summary
------------------------------------------------------------

Type  : Slow 1100mV 85C Model Setup 'vga_clk~reg0'
Slack : -16.194
TNS   : -808.969

Type  : Slow 1100mV 85C Model Setup 'clk'
Slack : 0.006
TNS   : 0.000

Type  : Slow 1100mV 85C Model Hold 'clk'
Slack : -1.430
TNS   : -1.430

Type  : Slow 1100mV 85C Model Hold 'vga_clk~reg0'
Slack : 0.518
TNS   : 0.000

Type  : Slow 1100mV 85C Model Minimum Pulse Width 'clk'
Slack : -0.632
TNS   : -1.026

Type  : Slow 1100mV 85C Model Minimum Pulse Width 'vga_clk~reg0'
Slack : -0.473
TNS   : -57.908

Type  : Slow 1100mV 0C Model Setup 'vga_clk~reg0'
Slack : -16.535
TNS   : -806.603

Type  : Slow 1100mV 0C Model Setup 'clk'
Slack : -0.177
TNS   : -0.177

Type  : Slow 1100mV 0C Model Hold 'clk'
Slack : -1.209
TNS   : -1.209

Type  : Slow 1100mV 0C Model Hold 'vga_clk~reg0'
Slack : 0.502
TNS   : 0.000

Type  : Slow 1100mV 0C Model Minimum Pulse Width 'clk'
Slack : -0.657
TNS   : -1.101

Type  : Slow 1100mV 0C Model Minimum Pulse Width 'vga_clk~reg0'
Slack : -0.486
TNS   : -58.426

Type  : Fast 1100mV 85C Model Setup 'vga_clk~reg0'
Slack : -8.894
TNS   : -523.860

Type  : Fast 1100mV 85C Model Setup 'clk'
Slack : -0.371
TNS   : -0.371

Type  : Fast 1100mV 85C Model Hold 'clk'
Slack : -0.539
TNS   : -0.539

Type  : Fast 1100mV 85C Model Hold 'vga_clk~reg0'
Slack : 0.223
TNS   : 0.000

Type  : Fast 1100mV 85C Model Minimum Pulse Width 'clk'
Slack : -0.599
TNS   : -0.846

Type  : Fast 1100mV 85C Model Minimum Pulse Width 'vga_clk~reg0'
Slack : -0.222
TNS   : -5.057

Type  : Fast 1100mV 0C Model Setup 'vga_clk~reg0'
Slack : -8.306
TNS   : -480.950

Type  : Fast 1100mV 0C Model Setup 'clk'
Slack : -0.375
TNS   : -0.375

Type  : Fast 1100mV 0C Model Hold 'clk'
Slack : -0.499
TNS   : -0.499

Type  : Fast 1100mV 0C Model Hold 'vga_clk~reg0'
Slack : 0.200
TNS   : 0.000

Type  : Fast 1100mV 0C Model Minimum Pulse Width 'clk'
Slack : -0.593
TNS   : -0.844

Type  : Fast 1100mV 0C Model Minimum Pulse Width 'vga_clk~reg0'
Slack : -0.157
TNS   : -3.362

------------------------------------------------------------
