Analysis & Synthesis report for decision_test
Sun Jul 03 03:32:45 2022
Quartus II 64-Bit Version 13.1.0 Build 162 10/23/2013 SJ Web Edition


---------------------
; Table of Contents ;
---------------------
  1. Legal Notice
  2. Analysis & Synthesis Summary
  3. Analysis & Synthesis Settings
  4. Parallel Compilation
  5. Analysis & Synthesis Source Files Read
  6. Analysis & Synthesis Resource Usage Summary
  7. Analysis & Synthesis Resource Utilization by Entity
  8. Analysis & Synthesis DSP Block Usage Summary
  9. State Machine - |decision_test|decision:inst1|i
 10. Registers Removed During Synthesis
 11. Removed Registers Triggering Further Register Optimizations
 12. General Register Statistics
 13. Multiplexer Restructuring Statistics (Restructuring Performed)
 14. Elapsed Time Per Partition
 15. Analysis & Synthesis Messages



----------------
; Legal Notice ;
----------------
Copyright (C) 1991-2013 Altera Corporation
Your use of Altera Corporation's design tools, logic functions 
and other software and tools, and its AMPP partner logic 
functions, and any output files from any of the foregoing 
(including device programming or simulation files), and any 
associated documentation or information are expressly subject 
to the terms and conditions of the Altera Program License 
Subscription Agreement, Altera MegaCore Function License 
Agreement, or other applicable license agreement, including, 
without limitation, that your use is for the sole purpose of 
programming logic devices manufactured by Altera and sold by 
Altera or its authorized distributors.  Please refer to the 
applicable agreement for further details.



+------------------------------------------------------------------------------+
; Analysis & Synthesis Summary                                                 ;
+---------------------------------+--------------------------------------------+
; Analysis & Synthesis Status     ; Successful - Sun Jul 03 03:32:45 2022      ;
; Quartus II 64-Bit Version       ; 13.1.0 Build 162 10/23/2013 SJ Web Edition ;
; Revision Name                   ; decision_test                              ;
; Top-level Entity Name           ; decision_test                              ;
; Family                          ; Cyclone V                                  ;
; Logic utilization (in ALMs)     ; N/A                                        ;
; Total registers                 ; 416                                        ;
; Total pins                      ; 22                                         ;
; Total virtual pins              ; 0                                          ;
; Total block memory bits         ; 0                                          ;
; Total DSP Blocks                ; 8                                          ;
; Total HSSI RX PCSs              ; 0                                          ;
; Total HSSI PMA RX Deserializers ; 0                                          ;
; Total HSSI TX PCSs              ; 0                                          ;
; Total HSSI TX Channels          ; 0                                          ;
; Total PLLs                      ; 0                                          ;
; Total DLLs                      ; 0                                          ;
+---------------------------------+--------------------------------------------+


+---------------------------------------------------------------------------------------------------------------------------+
; Analysis & Synthesis Settings                                                                                             ;
+---------------------------------------------------------------------------------+--------------------+--------------------+
; Option                                                                          ; Setting            ; Default Value      ;
+---------------------------------------------------------------------------------+--------------------+--------------------+
; Device                                                                          ; 5CSEMA5F31C6       ;                    ;
; Top-level entity name                                                           ; decision_test      ; decision_test      ;
; Family name                                                                     ; Cyclone V          ; Cyclone IV GX      ;
; Use smart compilation                                                           ; Off                ; Off                ;
; Enable parallel Assembler and TimeQuest Timing Analyzer during compilation      ; On                 ; On                 ;
; Enable compact report table                                                     ; Off                ; Off                ;
; Restructure Multiplexers                                                        ; Auto               ; Auto               ;
; MLAB Add Timing Constraints For Mixed-Port Feed-Through Mode Setting Don't Care ; Off                ; Off                ;
; Create Debugging Nodes for IP Cores                                             ; Off                ; Off                ;
; Preserve fewer node names                                                       ; On                 ; On                 ;
; Disable OpenCore Plus hardware evaluation                                       ; Off                ; Off                ;
; Verilog Version                                                                 ; Verilog_2001       ; Verilog_2001       ;
; VHDL Version                                                                    ; VHDL_1993          ; VHDL_1993          ;
; State Machine Processing                                                        ; Auto               ; Auto               ;
; Safe State Machine                                                              ; Off                ; Off                ;
; Extract Verilog State Machines                                                  ; On                 ; On                 ;
; Extract VHDL State Machines                                                     ; On                 ; On                 ;
; Ignore Verilog initial constructs                                               ; Off                ; Off                ;
; Iteration limit for constant Verilog loops                                      ; 5000               ; 5000               ;
; Iteration limit for non-constant Verilog loops                                  ; 250                ; 250                ;
; Add Pass-Through Logic to Inferred RAMs                                         ; On                 ; On                 ;
; Infer RAMs from Raw Logic                                                       ; On                 ; On                 ;
; Parallel Synthesis                                                              ; On                 ; On                 ;
; DSP Block Balancing                                                             ; Auto               ; Auto               ;
; NOT Gate Push-Back                                                              ; On                 ; On                 ;
; Power-Up Don't Care                                                             ; On                 ; On                 ;
; Remove Redundant Logic Cells                                                    ; Off                ; Off                ;
; Remove Duplicate Registers                                                      ; On                 ; On                 ;
; Ignore CARRY Buffers                                                            ; Off                ; Off                ;
; Ignore CASCADE Buffers                                                          ; Off                ; Off                ;
; Ignore GLOBAL Buffers                                                           ; Off                ; Off                ;
; Ignore ROW GLOBAL Buffers                                                       ; Off                ; Off                ;
; Ignore LCELL Buffers                                                            ; Off                ; Off                ;
; Ignore SOFT Buffers                                                             ; On                 ; On                 ;
; Limit AHDL Integers to 32 Bits                                                  ; Off                ; Off                ;
; Optimization Technique                                                          ; Balanced           ; Balanced           ;
; Carry Chain Length                                                              ; 70                 ; 70                 ;
; Auto Carry Chains                                                               ; On                 ; On                 ;
; Auto Open-Drain Pins                                                            ; On                 ; On                 ;
; Perform WYSIWYG Primitive Resynthesis                                           ; Off                ; Off                ;
; Auto ROM Replacement                                                            ; On                 ; On                 ;
; Auto RAM Replacement                                                            ; On                 ; On                 ;
; Auto DSP Block Replacement                                                      ; On                 ; On                 ;
; Auto Shift Register Replacement                                                 ; Auto               ; Auto               ;
; Allow Shift Register Merging across Hierarchies                                 ; Auto               ; Auto               ;
; Auto Clock Enable Replacement                                                   ; On                 ; On                 ;
; Strict RAM Replacement                                                          ; Off                ; Off                ;
; Allow Synchronous Control Signals                                               ; On                 ; On                 ;
; Force Use of Synchronous Clear Signals                                          ; Off                ; Off                ;
; Auto Resource Sharing                                                           ; Off                ; Off                ;
; Allow Any RAM Size For Recognition                                              ; Off                ; Off                ;
; Allow Any ROM Size For Recognition                                              ; Off                ; Off                ;
; Allow Any Shift Register Size For Recognition                                   ; Off                ; Off                ;
; Use LogicLock Constraints during Resource Balancing                             ; On                 ; On                 ;
; Ignore translate_off and synthesis_off directives                               ; Off                ; Off                ;
; Timing-Driven Synthesis                                                         ; On                 ; On                 ;
; Report Parameter Settings                                                       ; On                 ; On                 ;
; Report Source Assignments                                                       ; On                 ; On                 ;
; Report Connectivity Checks                                                      ; On                 ; On                 ;
; Ignore Maximum Fan-Out Assignments                                              ; Off                ; Off                ;
; Synchronization Register Chain Length                                           ; 3                  ; 3                  ;
; PowerPlay Power Optimization                                                    ; Normal compilation ; Normal compilation ;
; HDL message level                                                               ; Level2             ; Level2             ;
; Suppress Register Optimization Related Messages                                 ; Off                ; Off                ;
; Number of Removed Registers Reported in Synthesis Report                        ; 5000               ; 5000               ;
; Number of Swept Nodes Reported in Synthesis Report                              ; 5000               ; 5000               ;
; Number of Inverted Registers Reported in Synthesis Report                       ; 100                ; 100                ;
; Clock MUX Protection                                                            ; On                 ; On                 ;
; Auto Gated Clock Conversion                                                     ; Off                ; Off                ;
; Block Design Naming                                                             ; Auto               ; Auto               ;
; SDC constraint protection                                                       ; Off                ; Off                ;
; Synthesis Effort                                                                ; Auto               ; Auto               ;
; Shift Register Replacement - Allow Asynchronous Clear Signal                    ; On                 ; On                 ;
; Pre-Mapping Resynthesis Optimization                                            ; Off                ; Off                ;
; Analysis & Synthesis Message Level                                              ; Medium             ; Medium             ;
; Disable Register Merging Across Hierarchies                                     ; Auto               ; Auto               ;
; Resource Aware Inference For Block RAM                                          ; On                 ; On                 ;
; Synthesis Seed                                                                  ; 1                  ; 1                  ;
; Automatic Parallel Synthesis                                                    ; On                 ; On                 ;
+---------------------------------------------------------------------------------+--------------------+--------------------+


+------------------------------------------+
; Parallel Compilation                     ;
+----------------------------+-------------+
; Processors                 ; Number      ;
+----------------------------+-------------+
; Number detected on machine ; 16          ;
; Maximum allowed            ; 8           ;
;                            ;             ;
; Average used               ; 1.00        ;
; Maximum used               ; 8           ;
;                            ;             ;
; Usage by Processor         ; % Time Used ;
;     Processor 1            ; 100.0%      ;
;     Processors 2-8         ; < 0.1%      ;
;     Processors 9-16        ;   0.0%      ;
+----------------------------+-------------+


+--------------------------------------------------------------------------------------------------------------------------------------------------------------------------------------------------------------------------+
; Analysis & Synthesis Source Files Read                                                                                                                                                                                   ;
+----------------------------------+-----------------+------------------------------------+----------------------------------------------------------------------------------------------------------------------+---------+
; File Name with User-Entered Path ; Used in Netlist ; File Type                          ; File Name with Absolute Path                                                                                         ; Library ;
+----------------------------------+-----------------+------------------------------------+----------------------------------------------------------------------------------------------------------------------+---------+
; buffer.v                         ; yes             ; User Verilog HDL File              ; C:/Users/Pineapple/Desktop/damn_okul/EE314/Term_Project/EE314-TermProject/3.Firmware/Decision_Test/buffer.v          ;         ;
; decision.v                       ; yes             ; User Verilog HDL File              ; C:/Users/Pineapple/Desktop/damn_okul/EE314/Term_Project/EE314-TermProject/3.Firmware/Decision_Test/decision.v        ;         ;
; decision_test.bdf                ; yes             ; User Block Diagram/Schematic File  ; C:/Users/Pineapple/Desktop/damn_okul/EE314/Term_Project/EE314-TermProject/3.Firmware/Decision_Test/decision_test.bdf ;         ;
+----------------------------------+-----------------+------------------------------------+----------------------------------------------------------------------------------------------------------------------+---------+


+---------------------------------------------------------------+
; Analysis & Synthesis Resource Usage Summary                   ;
+---------------------------------------------+-----------------+
; Resource                                    ; Usage           ;
+---------------------------------------------+-----------------+
; Estimate of Logic utilization (ALMs needed) ; 892             ;
;                                             ;                 ;
; Combinational ALUT usage for logic          ; 1664            ;
;     -- 7 input functions                    ; 0               ;
;     -- 6 input functions                    ; 119             ;
;     -- 5 input functions                    ; 48              ;
;     -- 4 input functions                    ; 816             ;
;     -- <=3 input functions                  ; 681             ;
;                                             ;                 ;
; Dedicated logic registers                   ; 416             ;
;                                             ;                 ;
; I/O pins                                    ; 22              ;
; Total DSP Blocks                            ; 8               ;
; Maximum fan-out node                        ; fract_clk~input ;
; Maximum fan-out                             ; 416             ;
; Total fan-out                               ; 8047            ;
; Average fan-out                             ; 3.77            ;
+---------------------------------------------+-----------------+


+---------------------------------------------------------------------------------------------------------------------------------------------------------------------+
; Analysis & Synthesis Resource Utilization by Entity                                                                                                                 ;
+----------------------------+-------------------+--------------+-------------------+------------+------+--------------+-------------------------------+--------------+
; Compilation Hierarchy Node ; LC Combinationals ; LC Registers ; Block Memory Bits ; DSP Blocks ; Pins ; Virtual Pins ; Full Hierarchy Name           ; Library Name ;
+----------------------------+-------------------+--------------+-------------------+------------+------+--------------+-------------------------------+--------------+
; |decision_test             ; 1664 (0)          ; 416 (0)      ; 0                 ; 8          ; 22   ; 0            ; |decision_test                ; work         ;
;    |buffer:inst2|          ; 367 (367)         ; 103 (103)    ; 0                 ; 0          ; 0    ; 0            ; |decision_test|buffer:inst2   ; work         ;
;    |buffer:inst3|          ; 367 (367)         ; 103 (103)    ; 0                 ; 0          ; 0    ; 0            ; |decision_test|buffer:inst3   ; work         ;
;    |buffer:inst4|          ; 367 (367)         ; 103 (103)    ; 0                 ; 0          ; 0    ; 0            ; |decision_test|buffer:inst4   ; work         ;
;    |buffer:inst|           ; 367 (367)         ; 103 (103)    ; 0                 ; 0          ; 0    ; 0            ; |decision_test|buffer:inst    ; work         ;
;    |decision:inst1|        ; 196 (196)         ; 4 (4)        ; 0                 ; 8          ; 0    ; 0            ; |decision_test|decision:inst1 ; work         ;
+----------------------------+-------------------+--------------+-------------------+------------+------+--------------+-------------------------------+--------------+
Note: For table entries with two numbers listed, the numbers in parentheses indicate the number of resources of the given type used by the specific entity alone. The numbers listed outside of parentheses indicate the total resources of the given type used by the specific entity and all of its sub-entities in the hierarchy.


+-----------------------------------------------------------------------------+
; Analysis & Synthesis DSP Block Usage Summary                                ;
+---------------------+-------------+---------------------+-------------------+
; Statistic           ; Number Used ; Available per Block ; Maximum Available ;
+---------------------+-------------+---------------------+-------------------+
; Independent 18x18   ; 4           ; 2.00                ; --                ;
; Sum of two 18x18    ; 4           ; 1.00                ; --                ;
; DSP Block           ; 8           ; --                  ; --                ;
; DSP 18-bit Element  ; 12          ; 2.00                ; --                ;
; Unsigned Multiplier ; 12          ; --                  ; --                ;
+---------------------+-------------+---------------------+-------------------+


Encoding Type:  One-Hot
+-------------------------------------------------+
; State Machine - |decision_test|decision:inst1|i ;
+------+------+------+------+---------------------+
; Name ; i.11 ; i.10 ; i.01 ; i.00                ;
+------+------+------+------+---------------------+
; i.00 ; 0    ; 0    ; 0    ; 0                   ;
; i.01 ; 0    ; 0    ; 1    ; 1                   ;
; i.10 ; 0    ; 1    ; 0    ; 1                   ;
; i.11 ; 1    ; 0    ; 0    ; 1                   ;
+------+------+------+------+---------------------+


+------------------------------------------------------------+
; Registers Removed During Synthesis                         ;
+---------------------------------------+--------------------+
; Register name                         ; Reason for Removal ;
+---------------------------------------+--------------------+
; decision:inst1|i~6                    ; Lost fanout        ;
; decision:inst1|i~7                    ; Lost fanout        ;
; decision:inst1|i.00                   ; Lost fanout        ;
; decision:inst1|i.01                   ; Lost fanout        ;
; decision:inst1|i.10                   ; Lost fanout        ;
; decision:inst1|i.11                   ; Lost fanout        ;
; Total Number of Removed Registers = 6 ;                    ;
+---------------------------------------+--------------------+


+------------------------------------------------------------------------------------+
; Removed Registers Triggering Further Register Optimizations                        ;
+--------------------+--------------------+------------------------------------------+
; Register name      ; Reason for Removal ; Registers Removed due to This Register   ;
+--------------------+--------------------+------------------------------------------+
; decision:inst1|i~6 ; Lost Fanouts       ; decision:inst1|i.01, decision:inst1|i.11 ;
; decision:inst1|i~7 ; Lost Fanouts       ; decision:inst1|i.10                      ;
+--------------------+--------------------+------------------------------------------+


+------------------------------------------------------+
; General Register Statistics                          ;
+----------------------------------------------+-------+
; Statistic                                    ; Value ;
+----------------------------------------------+-------+
; Total registers                              ; 416   ;
; Number of registers using Synchronous Clear  ; 0     ;
; Number of registers using Synchronous Load   ; 336   ;
; Number of registers using Asynchronous Clear ; 0     ;
; Number of registers using Asynchronous Load  ; 0     ;
; Number of registers using Clock Enable       ; 0     ;
; Number of registers using Preset             ; 0     ;
+----------------------------------------------+-------+


+----------------------------------------------------------------------------------------------------------------------------------------------------+
; Multiplexer Restructuring Statistics (Restructuring Performed)                                                                                     ;
+--------------------+-----------+---------------+----------------------+------------------------+------------+--------------------------------------+
; Multiplexer Inputs ; Bus Width ; Baseline Area ; Area if Restructured ; Saving if Restructured ; Registered ; Example Multiplexer Output           ;
+--------------------+-----------+---------------+----------------------+------------------------+------------+--------------------------------------+
; 3:1                ; 2 bits    ; 4 LEs         ; 4 LEs                ; 0 LEs                  ; No         ; |decision_test|decision:inst1|i      ;
; 3:1                ; 14 bits   ; 28 LEs        ; 14 LEs               ; 14 LEs                 ; No         ; |decision_test|buffer:inst3|time_reg ;
; 3:1                ; 56 bits   ; 112 LEs       ; 56 LEs               ; 56 LEs                 ; No         ; |decision_test|buffer:inst3|time_reg ;
; 3:1                ; 14 bits   ; 28 LEs        ; 14 LEs               ; 14 LEs                 ; No         ; |decision_test|buffer:inst3|time_reg ;
; 3:1                ; 14 bits   ; 28 LEs        ; 14 LEs               ; 14 LEs                 ; No         ; |decision_test|buffer:inst2|time_reg ;
; 3:1                ; 56 bits   ; 112 LEs       ; 56 LEs               ; 56 LEs                 ; No         ; |decision_test|buffer:inst2|time_reg ;
; 3:1                ; 14 bits   ; 28 LEs        ; 14 LEs               ; 14 LEs                 ; No         ; |decision_test|buffer:inst2|time_reg ;
; 3:1                ; 14 bits   ; 28 LEs        ; 14 LEs               ; 14 LEs                 ; No         ; |decision_test|buffer:inst|time_reg  ;
; 3:1                ; 56 bits   ; 112 LEs       ; 56 LEs               ; 56 LEs                 ; No         ; |decision_test|buffer:inst|time_reg  ;
; 3:1                ; 14 bits   ; 28 LEs        ; 14 LEs               ; 14 LEs                 ; No         ; |decision_test|buffer:inst|time_reg  ;
; 3:1                ; 14 bits   ; 28 LEs        ; 14 LEs               ; 14 LEs                 ; No         ; |decision_test|buffer:inst4|time_reg ;
; 3:1                ; 56 bits   ; 112 LEs       ; 56 LEs               ; 56 LEs                 ; No         ; |decision_test|buffer:inst4|time_reg ;
; 3:1                ; 14 bits   ; 28 LEs        ; 14 LEs               ; 14 LEs                 ; No         ; |decision_test|buffer:inst4|time_reg ;
; 3:1                ; 3 bits    ; 6 LEs         ; 3 LEs                ; 3 LEs                  ; No         ; |decision_test|buffer:inst3|fullness ;
; 3:1                ; 3 bits    ; 6 LEs         ; 3 LEs                ; 3 LEs                  ; No         ; |decision_test|buffer:inst2|fullness ;
; 3:1                ; 3 bits    ; 6 LEs         ; 3 LEs                ; 3 LEs                  ; No         ; |decision_test|buffer:inst|fullness  ;
; 3:1                ; 3 bits    ; 6 LEs         ; 3 LEs                ; 3 LEs                  ; No         ; |decision_test|buffer:inst4|fullness ;
; 3:1                ; 14 bits   ; 28 LEs        ; 14 LEs               ; 14 LEs                 ; No         ; |decision_test|buffer:inst3|time_reg ;
; 3:1                ; 59 bits   ; 118 LEs       ; 59 LEs               ; 59 LEs                 ; No         ; |decision_test|buffer:inst3|time_reg ;
; 3:1                ; 14 bits   ; 28 LEs        ; 14 LEs               ; 14 LEs                 ; No         ; |decision_test|buffer:inst2|time_reg ;
; 3:1                ; 59 bits   ; 118 LEs       ; 59 LEs               ; 59 LEs                 ; No         ; |decision_test|buffer:inst2|fullness ;
; 3:1                ; 14 bits   ; 28 LEs        ; 14 LEs               ; 14 LEs                 ; No         ; |decision_test|buffer:inst|time_reg  ;
; 3:1                ; 59 bits   ; 118 LEs       ; 59 LEs               ; 59 LEs                 ; No         ; |decision_test|buffer:inst|fullness  ;
; 3:1                ; 14 bits   ; 28 LEs        ; 14 LEs               ; 14 LEs                 ; No         ; |decision_test|buffer:inst4|time_reg ;
; 3:1                ; 59 bits   ; 118 LEs       ; 59 LEs               ; 59 LEs                 ; No         ; |decision_test|buffer:inst4|time_reg ;
; 4:1                ; 14 bits   ; 28 LEs        ; 14 LEs               ; 14 LEs                 ; No         ; |decision_test|buffer:inst3|time_reg ;
; 4:1                ; 14 bits   ; 28 LEs        ; 14 LEs               ; 14 LEs                 ; No         ; |decision_test|buffer:inst2|time_reg ;
; 4:1                ; 14 bits   ; 28 LEs        ; 14 LEs               ; 14 LEs                 ; No         ; |decision_test|buffer:inst|time_reg  ;
; 4:1                ; 14 bits   ; 28 LEs        ; 14 LEs               ; 14 LEs                 ; No         ; |decision_test|buffer:inst4|time_reg ;
; 4:1                ; 14 bits   ; 28 LEs        ; 28 LEs               ; 0 LEs                  ; No         ; |decision_test|buffer:inst3|time_reg ;
; 5:1                ; 14 bits   ; 42 LEs        ; 14 LEs               ; 28 LEs                 ; No         ; |decision_test|buffer:inst3|time_reg ;
; 4:1                ; 14 bits   ; 28 LEs        ; 28 LEs               ; 0 LEs                  ; No         ; |decision_test|buffer:inst2|time_reg ;
; 5:1                ; 14 bits   ; 42 LEs        ; 14 LEs               ; 28 LEs                 ; No         ; |decision_test|buffer:inst2|time_reg ;
; 4:1                ; 14 bits   ; 28 LEs        ; 28 LEs               ; 0 LEs                  ; No         ; |decision_test|buffer:inst|time_reg  ;
; 5:1                ; 14 bits   ; 42 LEs        ; 14 LEs               ; 28 LEs                 ; No         ; |decision_test|buffer:inst|time_reg  ;
; 4:1                ; 14 bits   ; 28 LEs        ; 28 LEs               ; 0 LEs                  ; No         ; |decision_test|buffer:inst4|time_reg ;
; 5:1                ; 14 bits   ; 42 LEs        ; 14 LEs               ; 28 LEs                 ; No         ; |decision_test|buffer:inst4|time_reg ;
; 6:1                ; 14 bits   ; 56 LEs        ; 14 LEs               ; 42 LEs                 ; No         ; |decision_test|buffer:inst3|time_reg ;
; 6:1                ; 14 bits   ; 56 LEs        ; 14 LEs               ; 42 LEs                 ; No         ; |decision_test|buffer:inst2|time_reg ;
; 6:1                ; 14 bits   ; 56 LEs        ; 14 LEs               ; 42 LEs                 ; No         ; |decision_test|buffer:inst|time_reg  ;
; 6:1                ; 14 bits   ; 56 LEs        ; 14 LEs               ; 42 LEs                 ; No         ; |decision_test|buffer:inst4|time_reg ;
; 7:1                ; 14 bits   ; 56 LEs        ; 14 LEs               ; 42 LEs                 ; No         ; |decision_test|buffer:inst3|time_reg ;
; 7:1                ; 14 bits   ; 56 LEs        ; 14 LEs               ; 42 LEs                 ; No         ; |decision_test|buffer:inst2|time_reg ;
; 7:1                ; 14 bits   ; 56 LEs        ; 14 LEs               ; 42 LEs                 ; No         ; |decision_test|buffer:inst|time_reg  ;
; 7:1                ; 14 bits   ; 56 LEs        ; 14 LEs               ; 42 LEs                 ; No         ; |decision_test|buffer:inst4|time_reg ;
; 8:1                ; 14 bits   ; 70 LEs        ; 14 LEs               ; 56 LEs                 ; No         ; |decision_test|buffer:inst3|time_reg ;
; 8:1                ; 14 bits   ; 70 LEs        ; 14 LEs               ; 56 LEs                 ; No         ; |decision_test|buffer:inst2|time_reg ;
; 8:1                ; 14 bits   ; 70 LEs        ; 14 LEs               ; 56 LEs                 ; No         ; |decision_test|buffer:inst|time_reg  ;
; 8:1                ; 14 bits   ; 70 LEs        ; 14 LEs               ; 56 LEs                 ; No         ; |decision_test|buffer:inst4|time_reg ;
+--------------------+-----------+---------------+----------------------+------------------------+------------+--------------------------------------+


+-------------------------------+
; Elapsed Time Per Partition    ;
+----------------+--------------+
; Partition Name ; Elapsed Time ;
+----------------+--------------+
; Top            ; 00:00:03     ;
+----------------+--------------+


+-------------------------------+
; Analysis & Synthesis Messages ;
+-------------------------------+
Info: *******************************************************************
Info: Running Quartus II 64-Bit Analysis & Synthesis
    Info: Version 13.1.0 Build 162 10/23/2013 SJ Web Edition
    Info: Processing started: Sun Jul 03 03:32:41 2022
Info: Command: quartus_map --read_settings_files=on --write_settings_files=off decision_test -c decision_test
Info (11104): Parallel Compilation has detected 16 hyper-threaded processors. However, the extra hyper-threaded processors will not be used by default. Parallel Compilation will use 8 of the 8 physical processors detected instead.
Info (12021): Found 1 design units, including 1 entities, in source file buffer.v
    Info (12023): Found entity 1: buffer
Info (12021): Found 1 design units, including 1 entities, in source file decision.v
    Info (12023): Found entity 1: decision
Info (12021): Found 1 design units, including 1 entities, in source file decision_test.bdf
    Info (12023): Found entity 1: decision_test
Info (12127): Elaborating entity "decision_test" for the top level hierarchy
Info (12128): Elaborating entity "buffer" for hierarchy "buffer:inst3"
Warning (10230): Verilog HDL assignment warning at buffer.v(52): truncated value with size 32 to match size of target (3)
Warning (10230): Verilog HDL assignment warning at buffer.v(58): truncated value with size 32 to match size of target (10)
Warning (10230): Verilog HDL assignment warning at buffer.v(75): truncated value with size 32 to match size of target (8)
Warning (10230): Verilog HDL assignment warning at buffer.v(81): truncated value with size 32 to match size of target (3)
Warning (10230): Verilog HDL assignment warning at buffer.v(88): truncated value with size 32 to match size of target (14)
Info (12128): Elaborating entity "decision" for hierarchy "decision:inst1"
Info (286030): Timing-Driven Synthesis is running
Info (17049): 6 registers lost all their fanouts during netlist optimizations.
Info (16010): Generating hard_block partition "hard_block:auto_generated_inst"
    Info (16011): Adding 0 node(s), including 0 DDIO, 0 PLL, 0 transceiver and 0 LCELL
Warning (21074): Design contains 4 input pin(s) that do not drive logic
    Warning (15610): No output dependent on input pin "pin[3]"
    Warning (15610): No output dependent on input pin "pin[2]"
    Warning (15610): No output dependent on input pin "pin[1]"
    Warning (15610): No output dependent on input pin "pin[0]"
Info (21057): Implemented 2042 device resources after synthesis - the final resource count might be different
    Info (21058): Implemented 10 input pins
    Info (21059): Implemented 12 output pins
    Info (21061): Implemented 2012 logic cells
    Info (21062): Implemented 8 DSP elements
Info: Quartus II 64-Bit Analysis & Synthesis was successful. 0 errors, 10 warnings
    Info: Peak virtual memory: 4753 megabytes
    Info: Processing ended: Sun Jul 03 03:32:45 2022
    Info: Elapsed time: 00:00:04
    Info: Total CPU time (on all processors): 00:00:04


